// Jest Snapshot v1, https://goo.gl/fbAQLP

exports[`testing <Inicio/> should render propertly 1`] = `
<div>
  <div
    class="container-xl d-flex pt-1 gap-5 "
  >
    <a
      class="text-decoration-none text-black"
      href="/series"
    >
      <div
        class="icon position-relative"
      >
        <img
          alt="placeholder"
          class=" position-absolute top-50 start-50 translate-middle h-75"
        />
        <h2
          class="text-center text-white position-absolute top-50 start-50 translate-middle"
        >
          SERIES
        </h2>
      </div>
      <h6>
        Popular Series
      </h6>
    </a>
    <a
      class="text-decoration-none text-black"
      href="/movies"
    >
      <div
        class="icon position-relative"
      >
        <img
          alt="placeholder"
          class="position-absolute top-50 start-50 translate-middle h-75"
        />
        <h2
          class="text-center text-white position-absolute top-50 start-50 translate-middle"
        >
          MOVIES
        </h2>
      </div>
      <h6>
        Popular Movies
      </h6>
    </a>
  </div>
</div>
`;
